// Jest Snapshot v1, https://goo.gl/fbAQLP

exports[`CoinGecko MarketTransformer should transform the given data 1`] = `
Object {
  "AUD": Object {
    "change24h": -2.16414,
    "currency": "AUD",
    "date": 2020-02-03T12:12:39.212Z,
    "marketCap": 37983610,
    "price": 0.263903,
    "volume": 1638621,
  },
  "BRL": Object {
    "change24h": -2.17425,
    "currency": "BRL",
    "date": 2020-02-03T12:12:39.212Z,
    "marketCap": 108853555,
    "price": 0.755149,
    "volume": 4688849,
  },
  "BTC": Object {
    "change24h": -1.09655,
    "currency": "BTC",
    "date": 2020-02-03T12:12:39.212Z,
    "marketCap": 2728,
    "price": 0.00001895,
    "volume": 117.646,
  },
  "CAD": Object {
    "change24h": -2.02847,
    "currency": "CAD",
    "date": 2020-02-03T12:12:39.212Z,
    "marketCap": 33697775,
    "price": 0.234079,
    "volume": 1453436,
  },
  "CHF": Object {
    "change24h": -1.95971,
    "currency": "CHF",
    "date": 2020-02-03T12:12:39.212Z,
    "marketCap": 24543433,
    "price": 0.170532,
    "volume": 1058860,
  },
  "CNY": Object {
    "change24h": -0.8853,
    "currency": "CNY",
    "date": 2020-02-03T12:12:39.212Z,
    "marketCap": 178641786,
    "price": 1.24,
    "volume": 7707038,
  },
  "ETH": Object {
    "change24h": -1.09592,
    "currency": "ETH",
    "date": 2020-02-03T12:12:39.212Z,
    "marketCap": 134229,
    "price": 0.00093423,
    "volume": 5801,
  },
  "EUR": Object {
    "change24h": -1.77833,
    "currency": "EUR",
    "date": 2020-02-03T12:12:39.212Z,
    "marketCap": 23003801,
    "price": 0.159802,
    "volume": 992238,
  },
  "GBP": Object {
    "change24h": -0.92872,
    "currency": "GBP",
    "date": 2020-02-03T12:12:39.212Z,
    "marketCap": 19494615,
    "price": 0.135409,
    "volume": 840778,
  },
  "HKD": Object {
    "change24h": -2.05123,
    "currency": "HKD",
    "date": 2020-02-03T12:12:39.212Z,
    "marketCap": 197652805,
    "price": 1.37,
    "volume": 8526612,
  },
  "IDR": Object {
    "change24h": -3.11694,
    "currency": "IDR",
    "date": 2020-02-03T12:12:39.212Z,
    "marketCap": 346691516157,
    "price": 2408.88,
    "volume": 14957170935,
  },
  "INR": Object {
    "change24h": -2.15428,
    "currency": "INR",
    "date": 2020-02-03T12:12:39.212Z,
    "marketCap": 1817748729,
    "price": 12.63,
    "volume": 78399466,
  },
  "JPY": Object {
    "change24h": -1.94187,
    "currency": "JPY",
    "date": 2020-02-03T12:12:39.212Z,
    "marketCap": 2761753039,
    "price": 19.19,
    "volume": 119130584,
  },
  "KRW": Object {
    "change24h": -2.36261,
    "currency": "KRW",
    "date": 2020-02-03T12:12:39.212Z,
    "marketCap": 30340905246,
    "price": 210.8,
    "volume": 1308870176,
  },
  "LTC": Object {
    "change24h": 0.1745,
    "currency": "LTC",
    "date": 2020-02-03T12:12:39.212Z,
    "marketCap": 363045,
    "price": 0.00252388,
    "volume": 15671,
  },
  "MXN": Object {
    "change24h": -2.27341,
    "currency": "MXN",
    "date": 2020-02-03T12:12:39.212Z,
    "marketCap": 478485408,
    "price": 3.33,
    "volume": 20647363,
  },
  "RUB": Object {
    "change24h": -2.57894,
    "currency": "RUB",
    "date": 2020-02-03T12:12:39.212Z,
    "marketCap": 1619404048,
    "price": 11.26,
    "volume": 69902609,
  },
  "USD": Object {
    "change24h": -2.05303,
    "currency": "USD",
    "date": 2020-02-03T12:12:39.212Z,
    "marketCap": 25449723,
    "price": 0.176829,
    "volume": 1097963,
  },
}
`;
