// Jest Snapshot v1, https://goo.gl/fbAQLP

exports[`ExchangeRateService should sync a coin for specific profile with wallets argument 1`] = `
Object {
  "EXCHANGE_RATE_SERVICE": Object {
    "DARK": Object {
      "BTC": Object {
        "2020-01-04": 0.00001978,
        "2020-01-05": 0.00001979,
        "2020-01-06": 0.00001963,
        "2020-01-07": 0.00001791,
        "2020-01-08": 0.00001776,
        "2020-01-09": 0.00001766,
        "2020-01-10": 0.00001756,
        "2020-01-11": 0.00001753,
        "2020-01-12": 0.00001711,
        "2020-01-13": 0.00001717,
        "2020-01-14": 0.0000161,
        "2020-01-15": 0.00001686,
        "2020-01-16": 0.00001665,
        "2020-01-17": 0.00001749,
        "2020-01-18": 0.00001796,
        "2020-01-19": 0.00001789,
        "2020-01-20": 0.00001764,
        "2020-01-21": 0.00001809,
        "2020-01-22": 0.00001899,
        "2020-01-23": 0.0000184,
        "2020-01-24": 0.00001939,
        "2020-01-25": 0.0000189,
        "2020-01-26": 0.00001816,
        "2020-01-27": 0.00001765,
        "2020-01-28": 0.00001733,
        "2020-01-29": 0.00001697,
        "2020-01-30": 0.00001684,
        "2020-01-31": 0.00001713,
        "2020-02-01": 0.00001779,
        "2020-02-02": 0.00001867,
        "2020-02-03": 0.00001904,
        "2020-12-15": 0.00005048,
      },
    },
  },
  "data": Object {},
  "profiles": Object {},
}
`;
