// Jest Snapshot v1, https://goo.gl/fbAQLP

exports[`#profiles 1`] = `"conic-gradient(from 277.8849158770073deg at 56.58010652464615% 21.47431676868284%, #7F9CF5, calc(0 * 100% / 5), transparent 0),conic-gradient(from 435.49648795276505deg at 14.088914554134977% 37.724875040067694%, #7F9CF5, calc(1 * 100% / 5), transparent 0),conic-gradient(from 46.37532015251623deg at 86.65369554846725% 43.33828585623631%, #DD6B20, calc(2 * 100% / 5), transparent 0),conic-gradient(from 119.50966823338247deg at 24.314758067076752% 61.644548474293416%, #7F9CF5, calc(3 * 100% / 5), transparent 0),conic-gradient(from 348.0437378849834deg at 48.0004499391454% 16.91716214791068%, #9B2C2C, calc(4 * 100% / 5), transparent 0)"`;
