// Jest Snapshot v1, https://goo.gl/fbAQLP

exports[`should restore the blacklist 1`] = `
Set {
  1,
}
`;
