// Jest Snapshot v1, https://goo.gl/fbAQLP

exports[`CryptoCompare HistoricalPriceTransformer should transform the given data 1`] = `
Object {
  "datasets": Array [
    0.00001978,
    0.00001979,
    0.00001963,
    0.00001791,
    0.00001776,
    0.00001766,
    0.00001756,
    0.00001753,
    0.00001711,
    0.00001717,
    0.0000161,
    0.00001686,
    0.00001665,
    0.00001749,
    0.00001796,
    0.00001789,
    0.00001764,
    0.00001809,
    0.00001899,
    0.0000184,
    0.00001939,
    0.0000189,
    0.00001816,
    0.00001765,
    0.00001733,
    0.00001697,
    0.00001684,
    0.00001713,
    0.00001779,
    0.00001867,
    0.00001904,
  ],
  "labels": Array [
    "04.01",
    "05.01",
    "06.01",
    "07.01",
    "08.01",
    "09.01",
    "10.01",
    "11.01",
    "12.01",
    "13.01",
    "14.01",
    "15.01",
    "16.01",
    "17.01",
    "18.01",
    "19.01",
    "20.01",
    "21.01",
    "22.01",
    "23.01",
    "24.01",
    "25.01",
    "26.01",
    "27.01",
    "28.01",
    "29.01",
    "30.01",
    "31.01",
    "01.02",
    "02.02",
    "03.02",
  ],
  "max": 0.00001979,
  "min": 0.0000161,
}
`;
