// Jest Snapshot v1, https://goo.gl/fbAQLP

exports[`CryptoCompare MarketTransformer should transform the given data 1`] = `
Object {
  "AUD": Object {
    "change24h": 1.6008537886872996,
    "currency": "AUD",
    "date": 2020-02-03T12:30:55.000Z,
    "marketCap": 28797580.067367505,
    "price": 0.2661462608,
    "volume": 2091240.2843444108,
  },
  "BRL": Object {
    "change24h": 1.6008537886872996,
    "currency": "BRL",
    "date": 2020-02-03T12:31:02.000Z,
    "marketCap": 82509715.558368,
    "price": 0.762552,
    "volume": 5991740.994271369,
  },
  "BTC": Object {
    "change24h": 1.6008537886873027,
    "currency": "BTC",
    "date": 2020-02-03T12:30:55.000Z,
    "marketCap": 2060.16767936,
    "price": 0.00001904,
    "volume": 151.35330909121384,
  },
  "CAD": Object {
    "change24h": 1.6008537886872984,
    "currency": "CAD",
    "date": 2020-02-03T12:30:55.000Z,
    "marketCap": 25299889.18638048,
    "price": 0.23382072,
    "volume": 1837242.828468153,
  },
  "CHF": Object {
    "change24h": 1.6008537886872902,
    "currency": "CHF",
    "date": 2020-02-03T12:30:55.000Z,
    "marketCap": 18611719.62875259,
    "price": 0.1720088832,
    "volume": 1351557.2404875676,
  },
  "CNY": Object {
    "change24h": 1.6008537886872967,
    "currency": "CNY",
    "date": 2020-02-03T12:30:55.000Z,
    "marketCap": 137310155.2276672,
    "price": 1.2690158096,
    "volume": 9971272.842716023,
  },
  "ETH": Object {
    "change24h": 1.6008537886873004,
    "currency": "ETH",
    "date": 2020-02-03T12:31:08.000Z,
    "marketCap": 101336.3344495819,
    "price": 0.0009365469749139203,
    "volume": 7358.903920850742,
  },
  "EUR": Object {
    "change24h": 1.600853788687302,
    "currency": "EUR",
    "date": 2020-02-03T12:31:02.000Z,
    "marketCap": 17420448.269839462,
    "price": 0.1609991936,
    "volume": 1265048.7682646594,
  },
  "GBP": Object {
    "change24h": 1.600853788687298,
    "currency": "GBP",
    "date": 2020-02-03T12:31:01.000Z,
    "marketCap": 14772700.166649196,
    "price": 0.1365287952,
    "volume": 1072772.9769226492,
  },
  "HKD": Object {
    "change24h": 1.6008537886872964,
    "currency": "HKD",
    "date": 2020-02-03T12:30:55.000Z,
    "marketCap": 151010290.897088,
    "price": 1.395632,
    "volume": 10966157.674908645,
  },
  "IDR": Object {
    "change24h": 1.600853788687285,
    "currency": "IDR",
    "date": 2020-02-03T12:30:55.000Z,
    "marketCap": 263104014331.06558,
    "price": 2431.5984,
    "volume": 19106248249.148476,
  },
  "INR": Object {
    "change24h": 1.6008537886872967,
    "currency": "INR",
    "date": 2020-02-03T12:30:55.000Z,
    "marketCap": 1394012460.238944,
    "price": 12.883416,
    "volume": 101231249.53242749,
  },
  "JPY": Object {
    "change24h": 1.6008537886872989,
    "currency": "JPY",
    "date": 2020-02-03T12:31:01.000Z,
    "marketCap": 2090654638.1277964,
    "price": 19.3217594416,
    "volume": 151820437.3310733,
  },
  "KRW": Object {
    "change24h": 5.9259259259259265,
    "currency": "KRW",
    "date": 2020-02-03T12:26:52.000Z,
    "marketCap": 30945796024,
    "price": 286,
    "volume": 2243698175.7912245,
  },
  "LTC": Object {
    "change24h": 1.600853788687304,
    "currency": "LTC",
    "date": 2020-02-03T12:31:12.000Z,
    "marketCap": 274689.0239146667,
    "price": 0.002538666666666667,
    "volume": 19947.535561452743,
  },
  "MXN": Object {
    "change24h": 1.6008537886873022,
    "currency": "MXN",
    "date": 2020-02-03T12:30:55.000Z,
    "marketCap": 360795043.7136071,
    "price": 3.3344555888,
    "volume": 26200435.17686693,
  },
  "RUB": Object {
    "change24h": 1.6008537886873009,
    "currency": "RUB",
    "date": 2020-02-03T12:30:55.000Z,
    "marketCap": 1220047863.4651341,
    "price": 11.2756410816,
    "volume": 88598182.03258672,
  },
  "USD": Object {
    "change24h": 1.6008537886873082,
    "currency": "USD",
    "date": 2020-02-03T12:31:06.000Z,
    "marketCap": 19264936.994847264,
    "price": 0.178045896,
    "volume": 1398992.9787410912,
  },
}
`;
