// Jest Snapshot v1, https://goo.gl/fbAQLP

exports[`CoinCap MarketTransformer should transform the given data 1`] = `
Object {
  "AUD": Object {
    "change24h": null,
    "currency": "AUD",
    "date": 2020-02-20T06:08:12.727Z,
    "marketCap": 40049076.952300504,
    "price": 0.3386501157195427,
    "volume": 801594.3509484902,
  },
  "BRL": Object {
    "change24h": null,
    "currency": "BRL",
    "date": 2020-02-20T06:08:12.727Z,
    "marketCap": 116292755.73684944,
    "price": 0.9833573751158916,
    "volume": 2327634.5711018043,
  },
  "BTC": Object {
    "change24h": null,
    "currency": "BTC",
    "date": 2020-02-20T06:08:12.727Z,
    "marketCap": 2781.8373818836935,
    "price": 0.000023522878003153278,
    "volume": 55.679313988464244,
  },
  "CAD": Object {
    "change24h": null,
    "currency": "CAD",
    "date": 2020-02-20T06:08:12.727Z,
    "marketCap": 35243716.224592574,
    "price": 0.2980165708203522,
    "volume": 705413.6070529897,
  },
  "CHF": Object {
    "change24h": null,
    "currency": "CHF",
    "date": 2020-02-20T06:08:12.727Z,
    "marketCap": 26202657.72076011,
    "price": 0.22156648154122477,
    "volume": 524454.0950048447,
  },
  "CNY": Object {
    "change24h": null,
    "currency": "CNY",
    "date": 2020-02-20T06:08:12.727Z,
    "marketCap": 186945879.2572925,
    "price": 1.5807915802697956,
    "volume": 3741778.1419588053,
  },
  "ETH": Object {
    "change24h": null,
    "currency": "ETH",
    "date": 2020-02-20T06:08:12.727Z,
    "marketCap": 102505.23035786345,
    "price": 0.0008667717401800148,
    "volume": 2051.673093374931,
  },
  "EUR": Object {
    "change24h": null,
    "currency": "EUR",
    "date": 2020-02-20T06:08:12.727Z,
    "marketCap": 24672652.5167786,
    "price": 0.208628943929635,
    "volume": 493830.5795142356,
  },
  "GBP": Object {
    "change24h": null,
    "currency": "GBP",
    "date": 2020-02-20T06:08:12.727Z,
    "marketCap": 20633200.097881805,
    "price": 0.1744718263827746,
    "volume": 412979.72135914175,
  },
  "HKD": Object {
    "change24h": null,
    "currency": "HKD",
    "date": 2020-02-20T06:08:12.727Z,
    "marketCap": 207105714.34934595,
    "price": 1.7512606898310996,
    "volume": 4145283.3199954974,
  },
  "IDR": Object {
    "change24h": null,
    "currency": "IDR",
    "date": 2020-02-20T06:08:12.727Z,
    "marketCap": 364442923708.87976,
    "price": 3081.6849645292805,
    "volume": 7294435006.233239,
  },
  "INR": Object {
    "change24h": null,
    "currency": "INR",
    "date": 2020-02-20T06:08:12.727Z,
    "marketCap": 1909038313.8157303,
    "price": 16.142595412541752,
    "volume": 38209977.4714288,
  },
  "JPY": Object {
    "change24h": null,
    "currency": "JPY",
    "date": 2020-02-20T06:08:12.727Z,
    "marketCap": 2967409496.446644,
    "price": 25.092053196526955,
    "volume": 59393595.8158431,
  },
  "KRW": Object {
    "change24h": null,
    "currency": "KRW",
    "date": 2020-02-20T06:08:12.727Z,
    "marketCap": 31937886330.204124,
    "price": 270.0628759669815,
    "volume": 639246424.9305512,
  },
  "LTC": Object {
    "change24h": null,
    "currency": "LTC",
    "date": 2020-02-20T06:08:12.727Z,
    "marketCap": 377925.91656455386,
    "price": 0.0031956955095477847,
    "volume": 7564.301173682234,
  },
  "MXN": Object {
    "change24h": null,
    "currency": "MXN",
    "date": 2020-02-20T06:08:12.727Z,
    "marketCap": 495868090.93368065,
    "price": 4.193000167677364,
    "volume": 9924949.356047973,
  },
  "RUB": Object {
    "change24h": null,
    "currency": "RUB",
    "date": 2020-02-20T06:08:12.727Z,
    "marketCap": 1696175660.5316842,
    "price": 14.342654748419395,
    "volume": 33949467.28280141,
  },
  "USD": Object {
    "change24h": null,
    "currency": "USD",
    "date": 2020-02-20T06:08:12.727Z,
    "marketCap": 26638435.893542577,
    "price": 0.2252513686814852,
    "volume": 533176.3265305582,
  },
}
`;
