// Jest Snapshot v1, https://goo.gl/fbAQLP

exports[`CryptoCompare HistoricalVolumeTransformer should transform the given data 1`] = `
Object {
  "datasets": Array [
    3.23,
    3.952,
    3.556,
    13.9,
    15.95,
    3.256,
    13.91,
    34.28,
    16.57,
    2.709,
    14.4,
    35.75,
    8.201,
    21.08,
    13.84,
    12.16,
    3.814,
    57.63,
    27.39,
    8.876,
    8.297,
    3.947,
    3.841,
    6.842,
    4.946,
    2.48,
    4.234,
    16.01,
    7.619,
    51.24,
    49.63,
  ],
  "labels": Array [
    "04.01",
    "05.01",
    "06.01",
    "07.01",
    "08.01",
    "09.01",
    "10.01",
    "11.01",
    "12.01",
    "13.01",
    "14.01",
    "15.01",
    "16.01",
    "17.01",
    "18.01",
    "19.01",
    "20.01",
    "21.01",
    "22.01",
    "23.01",
    "24.01",
    "25.01",
    "26.01",
    "27.01",
    "28.01",
    "29.01",
    "30.01",
    "31.01",
    "01.02",
    "02.02",
    "03.02",
  ],
  "max": 57.63,
  "min": 2.48,
}
`;
