// Jest Snapshot v1, https://goo.gl/fbAQLP

exports[`should have a network 1`] = `
Object {
  "coin": "ARK",
  "constants": Object {
    "slip44": 1,
  },
  "currency": Object {
    "decimals": 8,
    "symbol": "DÑ¦",
    "ticker": "DARK",
  },
  "explorer": Object {
    "block": "block/{0}",
    "transaction": "transaction/{0}",
    "wallet": "wallets/{0}",
  },
  "featureFlags": Object {
    "Address": Array [
      "mnemonic.bip39",
      "multiSignature",
      "privateKey",
      "publicKey",
      "validate",
      "wif",
    ],
    "Client": Array [
      "transaction",
      "transactions",
      "wallet",
      "wallets",
      "delegate",
      "delegates",
      "votes",
      "voters",
      "configuration",
      "fees",
      "syncing",
      "broadcast",
    ],
    "Fee": Array [
      "all",
    ],
    "KeyPair": Array [
      "mnemonic.bip39",
      "privateKey",
      "wif",
    ],
    "Ledger": Array [
      "getVersion",
      "getPublicKey",
      "signTransaction",
      "signMessage",
    ],
    "Message": Array [
      "sign",
      "verify",
    ],
    "PrivateKey": Array [
      "mnemonic.bip39",
      "wif",
    ],
    "PublicKey": Array [
      "mnemonic.bip39",
      "multiSignature",
      "wif",
    ],
    "Transaction": Array [
      "delegateRegistration",
      "delegateResignation",
      "ipfs.ledgerS",
      "ipfs.ledgerX",
      "ipfs.musig",
      "ipfs",
      "multiPayment.ledgerS",
      "multiPayment.ledgerX",
      "multiPayment.musig",
      "multiPayment",
      "multiSignature.ledgerS",
      "multiSignature.ledgerX",
      "multiSignature.musig",
      "multiSignature",
      "secondSignature",
      "transfer.ledgerS",
      "transfer.ledgerX",
      "transfer.musig",
      "transfer",
      "vote.ledgerS",
      "vote.ledgerX",
      "vote.musig",
      "vote",
    ],
    "WIF": Array [
      "mnemonic.bip39",
    ],
  },
  "governance": Object {
    "delegateCount": 51,
    "votesPerTransaction": 1,
    "votesPerWallet": 1,
  },
  "hosts": Array [
    Object {
      "host": "https://dwallets.ark.io/api",
      "type": "full",
    },
    Object {
      "host": "https://dmusig1.ark.io",
      "type": "musig",
    },
    Object {
      "host": "https://dexplorer.ark.io",
      "type": "explorer",
    },
  ],
  "id": "ark.devnet",
  "importMethods": Object {
    "address": Object {
      "default": false,
      "permissions": Array [
        "read",
      ],
    },
    "bip39": Object {
      "default": true,
      "permissions": Array [
        "read",
        "write",
      ],
    },
    "publicKey": Object {
      "default": false,
      "permissions": Array [
        "read",
      ],
    },
  },
  "knownWallets": "https://raw.githubusercontent.com/ArkEcosystem/common/master/devnet/known-wallets-extended.json",
  "meta": Object {
    "fastDelegateSync": true,
  },
  "name": "Devnet",
  "transactions": Object {
    "expirationType": "height",
    "fees": Object {
      "ticker": "DARK",
      "type": "dynamic",
    },
    "memo": true,
    "types": Array [
      "delegate-registration",
      "delegate-resignation",
      "htlc-claim",
      "htlc-lock",
      "htlc-refund",
      "ipfs",
      "multi-payment",
      "multi-signature",
      "second-signature",
      "transfer",
      "vote",
    ],
  },
  "type": "test",
}
`;
