// Jest Snapshot v1, https://goo.gl/fbAQLP

exports[`should forget the password 1`] = `"eyJpZCI6InV1aWQiLCJjb250YWN0cyI6e30sImRhdGEiOnt9LCJub3RpZmljYXRpb25zIjp7fSwicGVlcnMiOnt9LCJwbHVnaW5zIjp7fSwic2V0dGluZ3MiOnt9LCJ3YWxsZXRzIjp7fX0="`;

exports[`should forget the password 2`] = `"ZmM1ZGY1YjQwNDE1MWZiYTYxNGEyYTdlNTVjNzkxYmQ6NTE1NDM1NmQ3MzZlNTYyYjcxNjMyYjU5MzY0ZjJiNmYzMTcwNjc3NTc3NGY0ZTc4NTgzMjJmNDg2NjUzNzE0ZDMxMmYzOTQ3NDg3NzcxNGQ1NjQ2NTQ3MDRmNGM3MTU5NmMzMjQyNjQ3ODMxNmQzNDZiMzU3MzZiNGE2NzZlNDQ1OTc4NTczMDQxNTc2MTM1NTg2ODQ1MzY2NzZhNDk0NzUyNTM0ZTZjNzE2ZDU1MzY2NjUyNTczODc5NzY1MzU2NGM2ZjM2NTY0NjMxNTU0ZDQyN2E2NDdhNTA0MzM3NDc0YzM4NDE1MzM5NzY3NTRjNzI2Mjc0NWE0Yzc3NmQ0YjZmNjg3MTQxNTI0NjQ2NzY1OTRiNTM0YzMwNDE2ODM2NTkzODM2NjYzMDdhNGM1NzM0MzE3YTcxNTk0MzMwNGM3Mzc4NzczNTM2Nzk0YjRiNGM0YjRmNjg0NTc5MzI2YTdhNTA2ZjQ5NDk2NDRjNTY3NTY5NjY0YTQxNDg3MTUwNDk2ODZmNzEzNzQyNjg2MTJmNTk3MjM4NjE0MTY3NGE1MTY0NmUzMjMzNmQyYjY2NDMzNTU5NDMzMDQ5MzA3MjM4NjI0NjQ5NTI0ODZhNGQ1NTU3NGUzOTc5MmY2ZTM3NDE1Njc0NGM0MjM2NjU3ODQ3NTM2ZjJiMzA1ODY4Mzc0ZTM2NDU1NTQ2MzY1MzczNDk3MjY2NzY2OTcyNDczNTdhMzQ2NzYzNzU0NTJmNjU2ZTY4NjQ0NjZjNmY3ODU4MzE1YTY1Nzg1NTJmMzM0NDcwNzQzOTJmNjI3MTY4NmU1NDRjNjY3NTUyMzM2ZDZhNzU2MjYxNTg0ZjUwMzM1MDM3NzI2ZDZkMzE3NTU4NTk3NTY2MzE2MjZjNGE1NDUwNGQzODMzNDY0MjUwNzgyYjY0NzA2NjU2NTk3NzQ2NDE3OTY2NDI0NzRmNDUyYjUwNjY2MzRiMzU3NTZjNjM2NzZkMzQyZjc1N2E2YjZjNjE1Nzc1NjU2OTY1NmIzODM0NmE1MjJiMzc0ZjQ0NTE1MDRkNTg2ZDYxNmEzOTQ2NGY3OTQ5NTE0NzUxNTkzMjQ2NGM1NjZlNDE2ZTZiNzY1NDcwNTA2ZTY0NDY0ZDU0NzQ2ZDQ5NGYzMDY5Nzk1NDMzNTg0NDdhNTM0NDQ5MzQ3YTQ4Njk1MTUxMzU1MzU0NDU0MTZlNTM0MjMzNTk1NzRlNDg2ZDMxNjg2YjU5NTQ3MjQ0MzM0MTdhNzU0OTM4NDQ3OTRiNTUzODVhNGIzNDc4NzMzNDc5Nzc1NjUyNGQ0ZTZmNzM3YTMwNzA1YTc2NGY2ZDRhMzA0MjRjNzg0NDY5NTk1ODU5NDQ0YjU2Mzg0OTY1Nzg0MjYyNzk2YzQxNzc0MzQ0MmI1MzU2NTQ1MzY5N2E3Nzc1NmEyZjQzNTg2MTU1NDUzODYzNjc0OTRjNTU1OTM4NTk1MDcyNmU2ZDc4NzI0NzRjNjMzNDQ3NzY0MzU1NzM3NzJmNzM0NzQ3NzE0ZTY4NDUzNjc5MzM1NDJmNGU3NzYyNjg2ODRlNTgzMjY2MzQzOTRkNDczMjU2NGY2ZjY3NTU0MjQ5Njc2ZDc2NTY1MDM2NzU3OTUwNDQ0ZjUyNjc0OTU0NTc2NzU4MzQ2NDQxNTMzNTQxNDM0YTcyNzQ0ZTU2NzEzNzdhNzU2YTQ1NTczMTRmNjQ3NDY5NzE1YTY5NTE3ODdhNzc0NzZmNGU3MDQyN2E3MTc3NGM3NzMxNTU0YTU3NTk0YjU4NmI3NjZmMzQ0NDM5NzE3YTQ2NDU1MzQ4NjMzNjQzNTE1MDZiNTUzMjMyNTM0MzM0NWE3MTcyNTY2OTQ4NjI1NTZkNzI2NTQ0NGE0NDYxNmU3ODZmNjc3YTM1NjM2YzVhNjM3MzU2NDM3YTU4NTE2ZjY3NTI1NTQyMzA1MTM0NmY1OTU4MzkzMzc5NTgzMjMzNjM0NzQ1NjMzNTUwNDc2NTRiNTc0NDY0MzAzNDY3NDI2ZDZlMzM2YTc2NTQ3YTUyNzI0NTVhNDQzNzY2NmY1MzcwNGI2YTMzMmY0YzU1NDc2NDc3NDU1NTUyNzM1NDdhNDQzMDY1NDQzOTc2MzczNzY1MmI2YzMxNDU0MjZiNDg0MTY2NTA0YzY1NDI2ZTJiNmQ1OTU2NDYzMDU4NjIzNjUwN2E0NzQxNmM0ZDUxNzM3Mzc3NzI3YTU5NzU0MzMyNDczNTM2NTczNzUyNTU2ZTU1NDczMzUwNzc2ZDM0Nzc0YjRiN2E0OTc4NTIzNzYyMzU3MTY0NjM1MzUxNjI2ZTQ1MzM3MDM2NTM2Nzc1NmI0YzU3NTc1MTM3NGQ1MzMzNzI2YzQxNTA3MTMwNzg3YTQ2NzczODZiNDMzMzZlNzc2NzRkNjU2ZDc1NGU2NTUxNmQ2NTUyMzg0MTZkNjQ3MDQ1NzE0NDM5NGU0NDMyN2E0ODY4NmM0NDU1NDY3MTc5NDI3YTY2NGMzMDMyMzI0OTcxNTg2ZTQxNjY3OTY5MzI1NjMyNjE2NTcyNDM2MzRkNTQ2NzM0NDc1NzM2NmU0NjMzNzg0ODMwN2E2OTZkNGY3OTYyNTI3OTY1NTM1MTY5NTY3MTRjMzg3ODc5NzUzMjJmNTk1MzQ5NTc1NTc4NjY3MzMzNGI3Njc3NDM0NTc5NTY1ODQxM2QzZA=="`;

exports[`should forget the password 3`] = `"eyJpZCI6InV1aWQiLCJjb250YWN0cyI6e30sImRhdGEiOnt9LCJub3RpZmljYXRpb25zIjp7fSwicGVlcnMiOnt9LCJwbHVnaW5zIjp7fSwic2V0dGluZ3MiOnt9LCJ3YWxsZXRzIjp7fX0="`;
