// Jest Snapshot v1, https://goo.gl/fbAQLP

exports[`CoinGecko HistoricalPriceTransformer should transform the given data 1`] = `
Object {
  "datasets": Array [
    0.14144537801277754,
    0.14157740081677905,
    0.13948844880738562,
    0.13789316227278134,
    0.1363082420477059,
    0.15671112251862776,
    0.14732727673473775,
    0.1516446166683107,
    0.1634290624855281,
    0.14755278854510026,
    0.1570543348524759,
    0.15591123816612715,
    0.1653262027599199,
    0.15284958482366923,
    0.15488638131712504,
    0.15789753695469474,
    0.15904530174771633,
    0.1551134913008529,
    0.1612071324139837,
    0.1605631236913934,
    0.16077251049360847,
    0.15574631495579883,
    0.16184176744699869,
    0.18275730029289058,
    0.17822320573440137,
  ],
  "labels": Array [
    "12.06",
    "20.04",
    "10.12",
    "05.08",
    "09.02",
    "05.10",
    "10.08",
    "04.04",
    "29.11",
    "02.10",
    "26.05",
    "20.01",
    "25.11",
    "18.07",
    "11.03",
    "16.01",
    "09.05",
    "05.01",
    "08.11",
    "28.06",
    "07.05",
    "29.12",
    "24.08",
    "30.06",
    "17.01",
  ],
  "max": 0.18275730029289058,
  "min": 0.1363082420477059,
}
`;
