// Jest Snapshot v1, https://goo.gl/fbAQLP

exports[`CoinGecko HistoricalVolumeTransformer should transform the given data 1`] = `
Object {
  "datasets": Array [
    4744713.640009474,
    1293301.945017782,
    995395.2750589217,
    786375.4167901358,
    2218728.193865058,
    787455.7647567509,
    524541.7432296164,
    629577.9272925577,
    796537.3487906973,
    572400.41366257,
    607816.9444040231,
    483736.2663171068,
    831681.7474437049,
    538115.8295564234,
    1009062.430593023,
    1598034.0305380435,
  ],
  "labels": Array [
    "11.12",
    "08.06",
    "13.02",
    "19.10",
    "16.12",
    "21.08",
    "28.04",
    "24.10",
    "29.06",
    "05.03",
    "01.09",
    "07.05",
    "04.11",
    "10.07",
    "17.03",
    "12.09",
  ],
  "max": 4744713.640009474,
  "min": 483736.2663171068,
}
`;
