// Jest Snapshot v1, https://goo.gl/fbAQLP

exports[`#toDataURL 1`] = `"data:image/png;base64,iVBORw0KGgoAAAANSUhEUgAAAIQAAACECAYAAABRRIOnAAAAAklEQVR4AewaftIAAAOKSURBVO3BQY5jiRUDwcwH3f/KdC+84OoDglTlmTYjzB/M/NcxU46ZcsyUY6YcM+WYKcdMOWbKMVOOmXLMlGOmHDPlmCnHTHnxIZXflIRPqLwjCU9UWhKaym9KwieOmXLMlGOmvPiyJHyTyjtU3pGEJyrflIRvUvmmY6YcM+WYKS9+mMo7kvAOlSdJaCqfSEJT+YTKO5Lwk46ZcsyUY6a8+Mskoak8UWlJaEl4koS/yTFTjplyzJQXf7kkNJUnKi0JT1RaEv7NjplyzJRjprz4YUn4TSrvSEJTaSo/KQn/JMdMOWbKMVNefJnK/1ISmkpLQlNpSWgqLQlN5R0q/2THTDlmyjFTzB/8i6l8IglNpSXh/8kxU46ZcswU8wcfUGlJaCrflITfpPIkCU9UvikJP+mYKcdMOWaK+YMvUnmShE+otCQ0lSdJ+CaVloQnKi0J71BpSfimY6YcM+WYKS9+mUpLwhOVloSm8ptUWhKaSkvCE5UnSXii0pLwiWOmHDPlmCkvviwJTaUloak8ScI3qTxJQlNpSWgqn0jCO5LQVL7pmCnHTDlmivmDD6g8SUJT+UQSmkpLQlNpSfhJKk+S0FRaEprKO5LwiWOmHDPlmCkvviwJTaUloak8SUJTaUn4hMo7kvAkCU9UWhKaSktCU2lJ+KZjphwz5ZgpL35YEj6h0pLQVD6RhKbyROUdSXii8gmVloRPHDPlmCnHTHnxy1RaEppKS0JTaUl4ovJE5UkSmspPSsKTJDSVbzpmyjFTjpny4oeptCQ0lScqLQlN5ZuS0FQ+ofIJlZaEloRvOmbKMVOOmWL+4F9M5R1J+ITKkyS8Q+VJEn7TMVOOmXLMlBcfUvlNSWhJeIfKkyQ8SUJTeaLSkvAkCU3lHUn4xDFTjplyzJQXX5aEb1J5otKS8I4kPFFpSXhHEt6h0pLwm46ZcsyUY6a8+GEq70jCP0kSmsoTlU8koam0JDSVloRPHDPlmCnHTHnxl1NpSWgqn0hCU3mShKbSVJ6o/KRjphwz5ZgpL/4yKi0JT5LQVJ4koam0JLwjCU3lSRKayjcdM+WYKcdMefHDkvCTkvAJlSdJaCpPVL4pCb/pmCnHTDlmyosvU/lNKu9IwpMkNJWWhCcqLQlN5R0qv+mYKcdMOWaK+YOZ/zpmyjFTjplyzJRjphwz5Zgpx0w5ZsoxU46ZcsyUY6YcM+WYKf8B7SOFJl3T5SkAAAAASUVORK5CYII="`;

exports[`svg should turn into a string 1`] = `
"<svg xmlns=\\"http://www.w3.org/2000/svg\\" viewBox=\\"0 0 33 33\\" shape-rendering=\\"crispEdges\\"><path fill=\\"#ffffff\\" d=\\"M0 0h33v33H0z\\"/><path stroke=\\"#000000\\" d=\\"M4 4.5h7m4 0h3m2 0h1m1 0h7M4 5.5h1m5 0h1m2 0h3m2 0h3m1 0h1m5 0h1M4 6.5h1m1 0h3m1 0h1m1 0h2m1 0h1m2 0h1m1 0h1m1 0h1m1 0h3m1 0h1M4 7.5h1m1 0h3m1 0h1m1 0h1m1 0h3m5 0h1m1 0h3m1 0h1M4 8.5h1m1 0h3m1 0h1m1 0h1m2 0h3m2 0h1m1 0h1m1 0h3m1 0h1M4 9.5h1m5 0h1m1 0h4m1 0h4m1 0h1m5 0h1M4 10.5h7m1 0h1m1 0h1m1 0h1m1 0h1m1 0h1m1 0h7M12 11.5h4m1 0h1M4 12.5h1m1 0h5m7 0h2m2 0h5M5 13.5h2m4 0h1m1 0h2m5 0h1m2 0h1m3 0h1M5 14.5h3m2 0h1m1 0h3m4 0h1m1 0h1m1 0h3m1 0h2M6 15.5h1m1 0h2m2 0h5m1 0h1m1 0h2m1 0h1m4 0h1M4 16.5h2m1 0h4m1 0h1m1 0h1m6 0h2m1 0h1m1 0h3M4 17.5h1m1 0h1m1 0h2m1 0h1m2 0h1m1 0h3m4 0h1m1 0h1m1 0h1M4 18.5h1m3 0h3m1 0h3m2 0h5m1 0h3m1 0h2M4 19.5h1m2 0h1m1 0h1m1 0h1m2 0h1m1 0h2m1 0h3m1 0h2m3 0h1M4 20.5h1m1 0h1m1 0h3m1 0h3m1 0h1m1 0h7m1 0h1M12 21.5h3m4 0h2m3 0h2M4 22.5h7m4 0h2m3 0h1m1 0h1m1 0h1m1 0h3M4 23.5h1m5 0h1m1 0h1m2 0h1m2 0h1m1 0h1m3 0h2M4 24.5h1m1 0h3m1 0h1m1 0h1m2 0h1m3 0h6m1 0h1m1 0h1M4 25.5h1m1 0h3m1 0h1m1 0h1m1 0h1m1 0h4m1 0h2m1 0h5M4 26.5h1m1 0h3m1 0h1m1 0h2m3 0h2m1 0h1m4 0h2m1 0h1M4 27.5h1m5 0h1m5 0h2m1 0h7m2 0h1M4 28.5h7m1 0h3m1 0h1m1 0h1m2 0h1m1 0h6\\"/></svg>
"
`;

exports[`terminal should turn into a string 1`] = `
"[47m  [0m[47m  [0m[47m  [0m[47m  [0m[47m  [0m[47m  [0m[47m  [0m[47m  [0m[47m  [0m[47m  [0m[47m  [0m[47m  [0m[47m  [0m[47m  [0m[47m  [0m[47m  [0m[47m  [0m[47m  [0m[47m  [0m[47m  [0m[47m  [0m[47m  [0m[47m  [0m[47m  [0m[47m  [0m[47m  [0m[47m  [0m
[47m  [0m[40m  [0m[40m  [0m[40m  [0m[40m  [0m[40m  [0m[40m  [0m[40m  [0m[47m  [0m[47m  [0m[47m  [0m[47m  [0m[40m  [0m[40m  [0m[40m  [0m[47m  [0m[47m  [0m[40m  [0m[47m  [0m[40m  [0m[40m  [0m[40m  [0m[40m  [0m[40m  [0m[40m  [0m[40m  [0m[47m  [0m
[47m  [0m[40m  [0m[47m  [0m[47m  [0m[47m  [0m[47m  [0m[47m  [0m[40m  [0m[47m  [0m[47m  [0m[40m  [0m[40m  [0m[40m  [0m[47m  [0m[47m  [0m[40m  [0m[40m  [0m[40m  [0m[47m  [0m[40m  [0m[47m  [0m[47m  [0m[47m  [0m[47m  [0m[47m  [0m[40m  [0m[47m  [0m
[47m  [0m[40m  [0m[47m  [0m[40m  [0m[40m  [0m[40m  [0m[47m  [0m[40m  [0m[47m  [0m[40m  [0m[40m  [0m[47m  [0m[40m  [0m[47m  [0m[47m  [0m[40m  [0m[47m  [0m[40m  [0m[47m  [0m[40m  [0m[47m  [0m[40m  [0m[40m  [0m[40m  [0m[47m  [0m[40m  [0m[47m  [0m
[47m  [0m[40m  [0m[47m  [0m[40m  [0m[40m  [0m[40m  [0m[47m  [0m[40m  [0m[47m  [0m[40m  [0m[47m  [0m[40m  [0m[40m  [0m[40m  [0m[47m  [0m[47m  [0m[47m  [0m[47m  [0m[47m  [0m[40m  [0m[47m  [0m[40m  [0m[40m  [0m[40m  [0m[47m  [0m[40m  [0m[47m  [0m
[47m  [0m[40m  [0m[47m  [0m[40m  [0m[40m  [0m[40m  [0m[47m  [0m[40m  [0m[47m  [0m[40m  [0m[47m  [0m[47m  [0m[40m  [0m[40m  [0m[40m  [0m[47m  [0m[47m  [0m[40m  [0m[47m  [0m[40m  [0m[47m  [0m[40m  [0m[40m  [0m[40m  [0m[47m  [0m[40m  [0m[47m  [0m
[47m  [0m[40m  [0m[47m  [0m[47m  [0m[47m  [0m[47m  [0m[47m  [0m[40m  [0m[47m  [0m[40m  [0m[40m  [0m[40m  [0m[40m  [0m[47m  [0m[40m  [0m[40m  [0m[40m  [0m[40m  [0m[47m  [0m[40m  [0m[47m  [0m[47m  [0m[47m  [0m[47m  [0m[47m  [0m[40m  [0m[47m  [0m
[47m  [0m[40m  [0m[40m  [0m[40m  [0m[40m  [0m[40m  [0m[40m  [0m[40m  [0m[47m  [0m[40m  [0m[47m  [0m[40m  [0m[47m  [0m[40m  [0m[47m  [0m[40m  [0m[47m  [0m[40m  [0m[47m  [0m[40m  [0m[40m  [0m[40m  [0m[40m  [0m[40m  [0m[40m  [0m[40m  [0m[47m  [0m
[47m  [0m[47m  [0m[47m  [0m[47m  [0m[47m  [0m[47m  [0m[47m  [0m[47m  [0m[47m  [0m[40m  [0m[40m  [0m[40m  [0m[40m  [0m[47m  [0m[40m  [0m[47m  [0m[47m  [0m[47m  [0m[47m  [0m[47m  [0m[47m  [0m[47m  [0m[47m  [0m[47m  [0m[47m  [0m[47m  [0m[47m  [0m
[47m  [0m[40m  [0m[47m  [0m[40m  [0m[40m  [0m[40m  [0m[40m  [0m[40m  [0m[47m  [0m[47m  [0m[47m  [0m[47m  [0m[47m  [0m[47m  [0m[47m  [0m[40m  [0m[40m  [0m[47m  [0m[47m  [0m[40m  [0m[40m  [0m[40m  [0m[40m  [0m[40m  [0m[47m  [0m[47m  [0m[47m  [0m
[47m  [0m[47m  [0m[40m  [0m[40m  [0m[47m  [0m[47m  [0m[47m  [0m[47m  [0m[40m  [0m[47m  [0m[40m  [0m[40m  [0m[47m  [0m[47m  [0m[47m  [0m[47m  [0m[47m  [0m[40m  [0m[47m  [0m[47m  [0m[40m  [0m[47m  [0m[47m  [0m[47m  [0m[40m  [0m[47m  [0m[47m  [0m
[47m  [0m[47m  [0m[40m  [0m[40m  [0m[40m  [0m[47m  [0m[47m  [0m[40m  [0m[47m  [0m[40m  [0m[40m  [0m[40m  [0m[47m  [0m[47m  [0m[47m  [0m[47m  [0m[40m  [0m[47m  [0m[40m  [0m[47m  [0m[40m  [0m[40m  [0m[40m  [0m[47m  [0m[40m  [0m[40m  [0m[47m  [0m
[47m  [0m[47m  [0m[47m  [0m[40m  [0m[47m  [0m[40m  [0m[40m  [0m[47m  [0m[47m  [0m[40m  [0m[40m  [0m[40m  [0m[40m  [0m[40m  [0m[47m  [0m[40m  [0m[47m  [0m[40m  [0m[40m  [0m[47m  [0m[40m  [0m[47m  [0m[47m  [0m[47m  [0m[47m  [0m[40m  [0m[47m  [0m
[47m  [0m[40m  [0m[40m  [0m[47m  [0m[40m  [0m[40m  [0m[40m  [0m[40m  [0m[47m  [0m[40m  [0m[47m  [0m[40m  [0m[47m  [0m[47m  [0m[47m  [0m[47m  [0m[47m  [0m[47m  [0m[40m  [0m[40m  [0m[47m  [0m[40m  [0m[47m  [0m[40m  [0m[40m  [0m[40m  [0m[47m  [0m
[47m  [0m[40m  [0m[47m  [0m[40m  [0m[47m  [0m[40m  [0m[40m  [0m[47m  [0m[40m  [0m[47m  [0m[47m  [0m[40m  [0m[47m  [0m[40m  [0m[40m  [0m[40m  [0m[47m  [0m[47m  [0m[47m  [0m[47m  [0m[40m  [0m[47m  [0m[40m  [0m[47m  [0m[40m  [0m[47m  [0m[47m  [0m
[47m  [0m[40m  [0m[47m  [0m[47m  [0m[47m  [0m[40m  [0m[40m  [0m[40m  [0m[47m  [0m[40m  [0m[40m  [0m[40m  [0m[47m  [0m[47m  [0m[40m  [0m[40m  [0m[40m  [0m[40m  [0m[40m  [0m[47m  [0m[40m  [0m[40m  [0m[40m  [0m[47m  [0m[40m  [0m[40m  [0m[47m  [0m
[47m  [0m[40m  [0m[47m  [0m[47m  [0m[40m  [0m[47m  [0m[40m  [0m[47m  [0m[40m  [0m[47m  [0m[47m  [0m[40m  [0m[47m  [0m[40m  [0m[40m  [0m[47m  [0m[40m  [0m[40m  [0m[40m  [0m[47m  [0m[40m  [0m[40m  [0m[47m  [0m[47m  [0m[47m  [0m[40m  [0m[47m  [0m
[47m  [0m[40m  [0m[47m  [0m[40m  [0m[47m  [0m[40m  [0m[40m  [0m[40m  [0m[47m  [0m[40m  [0m[40m  [0m[40m  [0m[47m  [0m[40m  [0m[47m  [0m[40m  [0m[40m  [0m[40m  [0m[40m  [0m[40m  [0m[40m  [0m[40m  [0m[47m  [0m[40m  [0m[47m  [0m[47m  [0m[47m  [0m
[47m  [0m[47m  [0m[47m  [0m[47m  [0m[47m  [0m[47m  [0m[47m  [0m[47m  [0m[47m  [0m[40m  [0m[40m  [0m[40m  [0m[47m  [0m[47m  [0m[47m  [0m[47m  [0m[40m  [0m[40m  [0m[47m  [0m[47m  [0m[47m  [0m[40m  [0m[40m  [0m[47m  [0m[47m  [0m[47m  [0m[47m  [0m
[47m  [0m[40m  [0m[40m  [0m[40m  [0m[40m  [0m[40m  [0m[40m  [0m[40m  [0m[47m  [0m[47m  [0m[47m  [0m[47m  [0m[40m  [0m[40m  [0m[47m  [0m[47m  [0m[47m  [0m[40m  [0m[47m  [0m[40m  [0m[47m  [0m[40m  [0m[47m  [0m[40m  [0m[40m  [0m[40m  [0m[47m  [0m
[47m  [0m[40m  [0m[47m  [0m[47m  [0m[47m  [0m[47m  [0m[47m  [0m[40m  [0m[47m  [0m[40m  [0m[47m  [0m[47m  [0m[40m  [0m[47m  [0m[47m  [0m[40m  [0m[47m  [0m[40m  [0m[47m  [0m[47m  [0m[47m  [0m[40m  [0m[40m  [0m[47m  [0m[47m  [0m[47m  [0m[47m  [0m
[47m  [0m[40m  [0m[47m  [0m[40m  [0m[40m  [0m[40m  [0m[47m  [0m[40m  [0m[47m  [0m[40m  [0m[47m  [0m[47m  [0m[40m  [0m[47m  [0m[47m  [0m[47m  [0m[40m  [0m[40m  [0m[40m  [0m[40m  [0m[40m  [0m[40m  [0m[47m  [0m[40m  [0m[47m  [0m[40m  [0m[47m  [0m
[47m  [0m[40m  [0m[47m  [0m[40m  [0m[40m  [0m[40m  [0m[47m  [0m[40m  [0m[47m  [0m[40m  [0m[47m  [0m[40m  [0m[47m  [0m[40m  [0m[40m  [0m[40m  [0m[40m  [0m[47m  [0m[40m  [0m[40m  [0m[47m  [0m[40m  [0m[40m  [0m[40m  [0m[40m  [0m[40m  [0m[47m  [0m
[47m  [0m[40m  [0m[47m  [0m[40m  [0m[40m  [0m[40m  [0m[47m  [0m[40m  [0m[47m  [0m[40m  [0m[40m  [0m[47m  [0m[47m  [0m[47m  [0m[40m  [0m[40m  [0m[47m  [0m[40m  [0m[47m  [0m[47m  [0m[47m  [0m[47m  [0m[40m  [0m[40m  [0m[47m  [0m[40m  [0m[47m  [0m
[47m  [0m[40m  [0m[47m  [0m[47m  [0m[47m  [0m[47m  [0m[47m  [0m[40m  [0m[47m  [0m[47m  [0m[47m  [0m[47m  [0m[47m  [0m[40m  [0m[40m  [0m[47m  [0m[40m  [0m[40m  [0m[40m  [0m[40m  [0m[40m  [0m[40m  [0m[40m  [0m[47m  [0m[47m  [0m[40m  [0m[47m  [0m
[47m  [0m[40m  [0m[40m  [0m[40m  [0m[40m  [0m[40m  [0m[40m  [0m[40m  [0m[47m  [0m[40m  [0m[40m  [0m[40m  [0m[47m  [0m[40m  [0m[47m  [0m[40m  [0m[47m  [0m[47m  [0m[40m  [0m[47m  [0m[40m  [0m[40m  [0m[40m  [0m[40m  [0m[40m  [0m[40m  [0m[47m  [0m
[47m  [0m[47m  [0m[47m  [0m[47m  [0m[47m  [0m[47m  [0m[47m  [0m[47m  [0m[47m  [0m[47m  [0m[47m  [0m[47m  [0m[47m  [0m[47m  [0m[47m  [0m[47m  [0m[47m  [0m[47m  [0m[47m  [0m[47m  [0m[47m  [0m[47m  [0m[47m  [0m[47m  [0m[47m  [0m[47m  [0m[47m  [0m
"
`;

exports[`utf8 should turn into a string 1`] = `
"                                 
                                 
    █▀▀▀▀▀█  ▄▄█▀▀▄▄█ █▀▀▀▀▀█    
    █ ███ █ █▀▄█▄ ▀ ▀ █ ███ █    
    █ ▀▀▀ █ █▄▄█▀█▄▄█ █ ▀▀▀ █    
    ▀▀▀▀▀▀▀ █▄█▄▀▄▀ ▀ ▀▀▀▀▀▀▀    
    ▀▄█▀▀▀▀▄ ▄▄   ▀▀▄ ▀█▀▀▀▄     
     ▀█▀▄▄▀ ███▄▄ ▄▀▄█ █▀▀ ▀█    
    █▀▄▀██▀▄▀ █ ▄▄▄  ▀▀▄▀▄▀█▀    
    █  ▄▀█▀▄▀▀█ ▄█▀███ ██▀ ▀█    
    ▀ ▀ ▀▀▀ ███ ▀ ▀██▀▀▀█▄▀      
    █▀▀▀▀▀█ ▄  █▀ ▄ █ ▀ █▄▀▀▀    
    █ ███ █ █ ▄▀▄▄▄█▀██▀█▄█▄█    
    █ ▀▀▀ █ ▀▀  ▄█▀▄█▄▄▄▄█▀ █    
    ▀▀▀▀▀▀▀ ▀▀▀ ▀ ▀  ▀ ▀▀▀▀▀▀    
                                 
                                 "
`;
